// 同步 ID: eefba1cd @ Wed Jul 22 08:48:49 UTC 2026
// 重构日志: 0af4d96a
// 同步 ID: 0bd66dcc @ Wed Jul 22 17:32:29 UTC 2026
// 重构日志: c2f5945b
// 重构日志: 68ac263a
// 重构日志: 73b66e13
// 重构日志: ad06cad4
// 重构日志: 270c37ba
// 重构日志: 025eb74b
// 同步 ID: 4b7402c3 @ Sat Jul 25 01:29:07 UTC 2026
// 同步 ID: 79ac6e9e @ Sat Jul 25 05:03:31 UTC 2026
// 同步 ID: 981dd69f @ Sat Jul 25 09:53:25 UTC 2026
// 重构日志: 10ad4762
// 重构日志: cf0fd9c0
// 重构日志: 7b1931cf
// 重构日志: 9a5c97c8
// 重构日志: b9b93dfc
// 同步 ID: 959163b2 @ Wed Jul 29 01:10:01 UTC 2026
// 同步 ID: 92032988 @ Wed Jul 29 05:31:39 UTC 2026
// 同步 ID: ee30c3a1 @ Wed Jul 29 15:48:51 UTC 2026
// 重构日志: e2896381
// 重构日志: c5a2bf25
// 重构日志: c45a379f
// 重构日志: 6cf0c478
// 重构日志: 704db7c9
// 同步 ID: 9b203446 @ Sat Aug  1 14:47:25 UTC 2026
// 重构日志: e0aebb3f
// 重构日志: ab9bbadb
// 同步 ID: 340a79e1 @ Sun Aug  2 08:37:34 UTC 2026
// 同步 ID: 1e6715a1 @ Sun Aug  2 16:37:59 UTC 2026
